=== term2019 start Sat Sep 26 16:52:53     2026
targets ['2019-2', '2020-ERE', '2020-2', '2021-1', '2021-2', '2022-1', '2022-2']
  [original/2019-2] train 357,587 (2018-1..2019-1), target 46,991, cut-offs from this target's training rows (heavy 1.1588 s)
  [original/2020-ERE] train 404,578 (2018-1..2019-2), target 147,380, cut-offs from development terms (heavy 1.5590 s)
  [original/2020-2] train 608,171 (2018-1..2020-1), target 49,550, cut-offs from development terms (heavy 1.5590 s)
  [original/2021-1] train 657,721 (2018-1..2020-2), target 57,080, cut-offs from development terms (heavy 1.5590 s)
  [original/2021-2] train 714,801 (2018-1..2021-1), target 55,957, cut-offs from development terms (heavy 1.5590 s)
  [original/2022-1] train 770,758 (2018-1..2021-2), target 51,547, cut-offs from development terms (heavy 1.5590 s)
  [original/2022-2] train 822,305 (2018-1..2022-1), target 40,844, cut-offs from development terms (heavy 1.5590 s)
  [conservative/2019-2] train 357,587 (2018-1..2019-1), target 46,991, cut-offs from this target's training rows (heavy 1.1588 s)
  [conservative/2020-ERE] train 404,578 (2018-1..2019-2), target 147,380, cut-offs from development terms (heavy 1.5590 s)
  [conservative/2020-2] train 608,171 (2018-1..2020-1), target 49,550, cut-offs from development terms (heavy 1.5590 s)
  [conservative/2021-1] train 657,721 (2018-1..2020-2), target 57,080, cut-offs from development terms (heavy 1.5590 s)
  [conservative/2021-2] train 714,801 (2018-1..2021-1), target 55,957, cut-offs from development terms (heavy 1.5590 s)
  [conservative/2022-1] train 770,758 (2018-1..2021-2), target 51,547, cut-offs from development terms (heavy 1.5590 s)
  [conservative/2022-2] train 822,305 (2018-1..2022-1), target 40,844, cut-offs from development terms (heavy 1.5590 s)
  [static/2019-2] train 357,587 (2018-1..2019-1), target 46,991, cut-offs from development terms (heavy 1.5590 s)
  [static/2020-ERE] train 404,578 (2018-1..2019-2), target 147,380, cut-offs from development terms (heavy 1.5590 s)
  [static/2020-2] train 608,171 (2018-1..2020-1), target 49,550, cut-offs from development terms (heavy 1.5590 s)
  [static/2021-1] train 657,721 (2018-1..2020-2), target 57,080, cut-offs from development terms (heavy 1.5590 s)
  [static/2021-2] train 714,801 (2018-1..2021-1), target 55,957, cut-offs from development terms (heavy 1.5590 s)
  [static/2022-1] train 770,758 (2018-1..2021-2), target 51,547, cut-offs from development terms (heavy 1.5590 s)
  [static/2022-2] train 822,305 (2018-1..2022-1), target 40,844, cut-offs from development terms (heavy 1.5590 s)
wrote D:\UserData\Desktop\图神经网络\data\derived\sensitivity_term2019\package_ranking_scores\forward_scores.parquet in 336 s
--- scores done Sat Sep 26 16:58:32     2026
pool primary: 47 class-terms, {'rows': 449349, 'zero_dropped': 1568, 'jobs': 447781, 'work_s': 217057.7}
copies probe stops at 23 copies (8 s)
week set: 30 whole weeks
  primary_rep0.npz: 10,298,963 jobs, k = [np.int64(9), np.int64(6), np.int64(5)], busy-hour work 16,804.2 s (3 s)
  primary_rep1.npz: 10,298,963 jobs, k = [np.int64(8), np.int64(5), np.int64(4)], busy-hour work 14,234.0 s (3 s)
  primary_rep2.npz: 10,298,963 jobs, k = [np.int64(8), np.int64(5), np.int64(4)], busy-hour work 15,024.0 s (3 s)
  primary_rep3.npz: 10,298,963 jobs, k = [np.int64(8), np.int64(5), np.int64(4)], busy-hour work 13,634.2 s (3 s)
  primary_rep4.npz: 10,298,963 jobs, k = [np.int64(7), np.int64(5), np.int64(4)], busy-hour work 13,265.2 s (3 s)
--- overlays done Sat Sep 26 16:58:59     2026
pool primary ['2019-2', '2020-ERE', '2020-2', '2021-1', '2021-2', '2022-1', '2022-2']; protocol lock frozen
  selection read from disk: joint G=1200: B0=120, eta=0, gam=16; joint G=300: B0=60, eta=0.5, gam=0; joint G=600: B0=120, eta=0.75, gam=0
attaching regenerated scores ['spjf_e', 'spjf_e_conservative', 'spjf_e_static', 'spjf_log', 'spjf_log_conservative', 'spjf_log_static'] by job_row
overlay 0 level 0: k = 9, 29 policies, 65 s
overlay 0 level 1: k = 6, 29 policies, 65 s
overlay 0 level 2: k = 5, 29 policies, 64 s
overlay 1 level 0: k = 8, 29 policies, 55 s
overlay 1 level 1: k = 5, 29 policies, 57 s
overlay 1 level 2: k = 4, 29 policies, 56 s
overlay 2 level 0: k = 8, 29 policies, 56 s
overlay 2 level 1: k = 5, 29 policies, 56 s
overlay 2 level 2: k = 4, 29 policies, 56 s
overlay 3 level 0: k = 8, 29 policies, 54 s
overlay 3 level 1: k = 5, 29 policies, 57 s
overlay 3 level 2: k = 4, 29 policies, 57 s
overlay 4 level 0: k = 7, 29 policies, 56 s
overlay 4 level 1: k = 5, 29 policies, 56 s
overlay 4 level 2: k = 4, 29 policies, 56 s

wrote outputs\sensitivity_term2019\main_cells.csv, outputs\sensitivity_term2019\main_table.csv, outputs\sensitivity_term2019\main_table.tex, outputs\sensitivity_term2019\paired_differences.csv, outputs\sensitivity_term2019\bound_checks.csv, outputs\sensitivity_term2019\identity_residuals.csv, outputs\sensitivity_term2019\policy_parameters.csv and outputs\sensitivity_term2019\manifest.json
=== term2019 done Sat Sep 26 17:13:30     2026
