rep0 L0 k8 FCFS open/kept: p99_dl=22.170 mean=0.6024 max=435.0 (2.1s)
rep0 L0 k8 SJF open/kept: p99_dl=8.310 mean=0.1884 max=1185.9 (2.2s)
rep0 L0 k8 SPJF-E open/kept: p99_dl=12.136 mean=0.2395 max=1374.8 (2.1s)
rep0 L0 k8 Guard(600) open/kept: p99_dl=12.270 mean=0.2588 max=867.2 (8.4s)
rep0 L0 k8 FCFS closed/kept: p99_dl=8.993 mean=0.2391 max=231.5 (2.1s)
rep0 L0 k8 SJF closed/kept: p99_dl=4.699 mean=0.1255 max=1062.2 (2.2s)
rep0 L0 k8 SPJF-E closed/kept: p99_dl=5.428 mean=0.1266 max=878.4 (2.0s)
rep0 L0 k8 Guard(600) closed/kept: p99_dl=5.351 mean=0.1265 max=622.4 (6.9s)
rep0 L0 k8 FCFS closed/dropped: p99_dl=8.829 mean=0.2357 max=232.5 (2.0s)
rep0 L0 k8 SJF closed/dropped: p99_dl=4.635 mean=0.1240 max=1093.9 (1.9s)
rep0 L0 k8 SPJF-E closed/dropped: p99_dl=5.260 mean=0.1237 max=748.6 (1.9s)
rep0 L0 k8 Guard(600) closed/dropped: p99_dl=5.378 mean=0.1261 max=614.6 (7.0s)
rep0 L1 k5 FCFS open/kept: p99_dl=109.708 mean=4.1060 max=1023.8 (2.5s)
rep0 L1 k5 SJF open/kept: p99_dl=34.186 mean=0.9655 max=3072.3 (2.5s)
rep0 L1 k5 SPJF-E open/kept: p99_dl=43.768 mean=1.2313 max=3312.8 (2.5s)
rep0 L1 k5 Guard(600) open/kept: p99_dl=47.707 mean=1.5495 max=1467.4 (9.0s)
rep0 L1 k5 FCFS closed/kept: p99_dl=42.690 mean=1.2901 max=356.6 (1.8s)
rep0 L1 k5 SJF closed/kept: p99_dl=23.743 mean=0.5666 max=2518.0 (2.0s)
rep0 L1 k5 SPJF-E closed/kept: p99_dl=27.556 mean=0.6343 max=2306.5 (2.0s)
rep0 L1 k5 Guard(600) closed/kept: p99_dl=27.691 mean=0.6508 max=937.1 (7.0s)
rep0 L1 k5 FCFS closed/dropped: p99_dl=42.753 mean=1.2830 max=343.7 (1.8s)
rep0 L1 k5 SJF closed/dropped: p99_dl=23.753 mean=0.5634 max=2541.4 (1.9s)
rep0 L1 k5 SPJF-E closed/dropped: p99_dl=27.967 mean=0.6364 max=3130.3 (1.8s)
rep0 L1 k5 Guard(600) closed/dropped: p99_dl=27.132 mean=0.6427 max=959.1 (8.0s)
rep0 L2 k4 FCFS open/kept: p99_dl=263.120 mean=10.0987 max=1544.6 (1.8s)
rep0 L2 k4 SJF open/kept: p99_dl=42.881 mean=1.6498 max=5299.5 (2.1s)
rep0 L2 k4 SPJF-E open/kept: p99_dl=61.811 mean=2.2374 max=6286.2 (2.0s)
rep0 L2 k4 Guard(600) open/kept: p99_dl=87.541 mean=3.7604 max=1994.5 (7.4s)
rep0 L2 k4 FCFS closed/kept: p99_dl=74.191 mean=2.6686 max=438.3 (1.7s)
rep0 L2 k4 SJF closed/kept: p99_dl=32.526 mean=0.9745 max=4234.3 (1.8s)
rep0 L2 k4 SPJF-E closed/kept: p99_dl=38.496 mean=1.1398 max=5783.2 (1.8s)
rep0 L2 k4 Guard(600) closed/kept: p99_dl=40.421 mean=1.2521 max=1074.3 (7.1s)
rep0 L2 k4 FCFS closed/dropped: p99_dl=71.135 mean=2.5654 max=457.0 (1.8s)
rep0 L2 k4 SJF closed/dropped: p99_dl=32.786 mean=0.9896 max=4139.3 (1.8s)
rep0 L2 k4 SPJF-E closed/dropped: p99_dl=38.436 mean=1.1279 max=4999.0 (1.8s)
rep0 L2 k4 Guard(600) closed/dropped: p99_dl=40.045 mean=1.2185 max=1042.5 (7.0s)
rep1 L0 k8 FCFS open/kept: p99_dl=21.203 mean=0.5806 max=352.7 (1.9s)
rep1 L0 k8 SJF open/kept: p99_dl=7.563 mean=0.1767 max=960.3 (2.1s)
rep1 L0 k8 SPJF-E open/kept: p99_dl=10.869 mean=0.2223 max=1182.0 (1.9s)
rep1 L0 k8 Guard(600) open/kept: p99_dl=10.970 mean=0.2315 max=781.4 (7.8s)
rep1 L0 k8 FCFS closed/kept: p99_dl=8.013 mean=0.2258 max=181.1 (1.7s)
rep1 L0 k8 SJF closed/kept: p99_dl=4.106 mean=0.1185 max=867.9 (1.8s)
rep1 L0 k8 SPJF-E closed/kept: p99_dl=4.955 mean=0.1185 max=835.4 (1.8s)
rep1 L0 k8 Guard(600) closed/kept: p99_dl=4.917 mean=0.1181 max=566.8 (6.6s)
rep1 L0 k8 FCFS closed/dropped: p99_dl=8.010 mean=0.2249 max=192.0 (1.8s)
rep1 L0 k8 SJF closed/dropped: p99_dl=4.306 mean=0.1201 max=828.7 (1.8s)
rep1 L0 k8 SPJF-E closed/dropped: p99_dl=5.081 mean=0.1195 max=738.2 (1.8s)
rep1 L0 k8 Guard(600) closed/dropped: p99_dl=5.086 mean=0.1217 max=590.1 (6.8s)
rep1 L1 k5 FCFS open/kept: p99_dl=111.464 mean=4.2733 max=850.5 (1.8s)
rep1 L1 k5 SJF open/kept: p99_dl=32.213 mean=0.9177 max=2755.9 (2.1s)
rep1 L1 k5 SPJF-E open/kept: p99_dl=41.067 mean=1.1728 max=3048.7 (1.9s)
rep1 L1 k5 Guard(600) open/kept: p99_dl=45.352 mean=1.4697 max=1292.4 (7.3s)
rep1 L1 k5 FCFS closed/kept: p99_dl=41.700 mean=1.2736 max=358.8 (1.8s)
rep1 L1 k5 SJF closed/kept: p99_dl=22.368 mean=0.5375 max=2205.0 (1.8s)
rep1 L1 k5 SPJF-E closed/kept: p99_dl=25.654 mean=0.5924 max=2691.6 (1.7s)
rep1 L1 k5 Guard(600) closed/kept: p99_dl=26.117 mean=0.6206 max=841.0 (7.3s)
rep1 L1 k5 FCFS closed/dropped: p99_dl=42.739 mean=1.2759 max=365.3 (1.8s)
rep1 L1 k5 SJF closed/dropped: p99_dl=22.912 mean=0.5497 max=2333.4 (1.9s)
rep1 L1 k5 SPJF-E closed/dropped: p99_dl=25.111 mean=0.5899 max=1894.7 (1.8s)
rep1 L1 k5 Guard(600) closed/dropped: p99_dl=25.436 mean=0.6167 max=852.8 (7.9s)
rep1 L2 k4 FCFS open/kept: p99_dl=277.837 mean=10.8652 max=1285.3 (1.8s)
rep1 L2 k4 SJF open/kept: p99_dl=43.366 mean=1.6852 max=4497.8 (2.1s)
rep1 L2 k4 SPJF-E open/kept: p99_dl=60.834 mean=2.2726 max=5393.4 (1.9s)
rep1 L2 k4 Guard(600) open/kept: p99_dl=86.541 mean=4.0269 max=1735.6 (7.8s)
rep1 L2 k4 FCFS closed/kept: p99_dl=68.666 mean=2.6744 max=503.9 (1.7s)
rep1 L2 k4 SJF closed/kept: p99_dl=32.520 mean=0.9979 max=3477.5 (1.7s)
rep1 L2 k4 SPJF-E closed/kept: p99_dl=38.451 mean=1.1476 max=3703.6 (1.8s)
rep1 L2 k4 Guard(600) closed/kept: p99_dl=39.924 mean=1.2735 max=1019.1 (7.9s)
rep1 L2 k4 FCFS closed/dropped: p99_dl=71.540 mean=2.6506 max=518.5 (1.8s)
rep1 L2 k4 SJF closed/dropped: p99_dl=31.988 mean=0.9885 max=3680.9 (1.9s)
rep1 L2 k4 SPJF-E closed/dropped: p99_dl=38.358 mean=1.1465 max=3719.1 (2.0s)
rep1 L2 k4 Guard(600) closed/dropped: p99_dl=39.001 mean=1.2296 max=1018.9 (6.7s)
rep2 L0 k8 FCFS open/kept: p99_dl=26.842 mean=0.6604 max=379.8 (1.9s)
rep2 L0 k8 SJF open/kept: p99_dl=10.490 mean=0.2211 max=806.2 (2.0s)
rep2 L0 k8 SPJF-E open/kept: p99_dl=14.620 mean=0.2821 max=963.4 (2.1s)
rep2 L0 k8 Guard(600) open/kept: p99_dl=14.768 mean=0.2900 max=738.9 (8.2s)
rep2 L0 k8 FCFS closed/kept: p99_dl=9.968 mean=0.2637 max=188.6 (1.7s)
rep2 L0 k8 SJF closed/kept: p99_dl=5.886 mean=0.1422 max=725.5 (1.8s)
rep2 L0 k8 SPJF-E closed/kept: p99_dl=6.381 mean=0.1403 max=505.0 (2.0s)
rep2 L0 k8 Guard(600) closed/kept: p99_dl=6.558 mean=0.1426 max=516.0 (7.4s)
rep2 L0 k8 FCFS closed/dropped: p99_dl=10.177 mean=0.2656 max=188.7 (1.7s)
rep2 L0 k8 SJF closed/dropped: p99_dl=5.801 mean=0.1427 max=753.1 (1.7s)
rep2 L0 k8 SPJF-E closed/dropped: p99_dl=6.352 mean=0.1425 max=518.0 (1.8s)
rep2 L0 k8 Guard(600) closed/dropped: p99_dl=6.320 mean=0.1427 max=584.9 (6.5s)
rep2 L1 k5 FCFS open/kept: p99_dl=120.139 mean=4.1611 max=806.7 (1.7s)
rep2 L1 k5 SJF open/kept: p99_dl=33.353 mean=0.9491 max=2130.3 (2.0s)
rep2 L1 k5 SPJF-E open/kept: p99_dl=44.185 mean=1.2333 max=2666.1 (1.9s)
rep2 L1 k5 Guard(600) open/kept: p99_dl=48.399 mean=1.5536 max=1266.5 (7.3s)
rep2 L1 k5 FCFS closed/kept: p99_dl=42.056 mean=1.2985 max=425.6 (1.7s)
rep2 L1 k5 SJF closed/kept: p99_dl=23.448 mean=0.5621 max=1833.3 (1.8s)
rep2 L1 k5 SPJF-E closed/kept: p99_dl=26.212 mean=0.5993 max=1936.4 (1.7s)
rep2 L1 k5 Guard(600) closed/kept: p99_dl=26.622 mean=0.6268 max=838.5 (6.8s)
rep2 L1 k5 FCFS closed/dropped: p99_dl=41.172 mean=1.2602 max=432.0 (1.6s)
rep2 L1 k5 SJF closed/dropped: p99_dl=23.360 mean=0.5510 max=1887.2 (1.8s)
rep2 L1 k5 SPJF-E closed/dropped: p99_dl=25.899 mean=0.5939 max=1948.9 (1.7s)
rep2 L1 k5 Guard(600) closed/dropped: p99_dl=26.287 mean=0.6330 max=797.9 (6.6s)
rep2 L2 k4 FCFS open/kept: p99_dl=264.669 mean=10.3078 max=1130.6 (1.7s)
rep2 L2 k4 SJF open/kept: p99_dl=44.524 mean=1.7451 max=3995.2 (2.1s)
rep2 L2 k4 SPJF-E open/kept: p99_dl=64.779 mean=2.3549 max=4565.0 (2.1s)
rep2 L2 k4 Guard(600) open/kept: p99_dl=91.376 mean=3.8646 max=1579.7 (7.6s)
rep2 L2 k4 FCFS closed/kept: p99_dl=71.344 mean=2.7001 max=536.4 (1.7s)
rep2 L2 k4 SJF closed/kept: p99_dl=33.606 mean=1.0364 max=3152.2 (1.8s)
rep2 L2 k4 SPJF-E closed/kept: p99_dl=39.379 mean=1.1727 max=3003.6 (1.8s)
rep2 L2 k4 Guard(600) closed/kept: p99_dl=40.255 mean=1.2604 max=1023.0 (6.6s)
rep2 L2 k4 FCFS closed/dropped: p99_dl=72.348 mean=2.6559 max=551.0 (1.7s)
rep2 L2 k4 SJF closed/dropped: p99_dl=32.715 mean=1.0162 max=3361.7 (1.8s)
rep2 L2 k4 SPJF-E closed/dropped: p99_dl=38.894 mean=1.1620 max=3522.6 (1.9s)
rep2 L2 k4 Guard(600) closed/dropped: p99_dl=40.316 mean=1.2586 max=1029.4 (6.8s)
